<html>
<body>
<pre>
<h1>µVision Build Log</h1>
<h2>Project:</h2>
C:\Users\Sam\Dropbox\Documents\workspace\Automation Master\automation_master.uvproj
Project File Date:  06/15/2014

<h2>Output:</h2>
Build target 'automation_master'
compiling automation_master.c...
automation_master.c(62): warning:  #177-D: variable "ui8AckData" was declared but never referenced
linking...
Program Size: Code=5796 RO-data=668 RW-data=96 ZI-data=2344  
After Build - User command #1: fromelf --bin --output .\rvmdk\automation_master.bin .\rvmdk\automation_master.axf
".\rvmdk\automation_master.axf" - 0 Errors, 1 Warning(s).
Build target 'automation_master'
compiling automation_master.c...
linking...
Program Size: Code=5796 RO-data=668 RW-data=96 ZI-data=2344  
After Build - User command #1: fromelf --bin --output .\rvmdk\automation_master.bin .\rvmdk\automation_master.axf
".\rvmdk\automation_master.axf" - 0 Errors, 0 Warning(s).
Build target 'automation_master'
compiling automation_master.c...
linking...
Program Size: Code=5796 RO-data=668 RW-data=96 ZI-data=2344  
After Build - User command #1: fromelf --bin --output .\rvmdk\automation_master.bin .\rvmdk\automation_master.axf
".\rvmdk\automation_master.axf" - 0 Errors, 0 Warning(s).
Build target 'automation_master'
compiling automation_master.c...
automation_master.c(182): error:  #513: a value of type "void" cannot be assigned to an entity of type "uint8_t"
After Build - User command #1: fromelf --bin --output .\rvmdk\automation_master.bin .\rvmdk\automation_master.axf
".\rvmdk\automation_master.axf" - 1 Errors, 0 Warning(s).
Target not created
Build target 'automation_master'
compiling automation_master.c...
linking...
Program Size: Code=5812 RO-data=668 RW-data=96 ZI-data=2344  
After Build - User command #1: fromelf --bin --output .\rvmdk\automation_master.bin .\rvmdk\automation_master.axf
".\rvmdk\automation_master.axf" - 0 Errors, 0 Warning(s).
Build target 'automation_master'
compiling automation_master.c...
linking...
Program Size: Code=5816 RO-data=668 RW-data=96 ZI-data=2344  
After Build - User command #1: fromelf --bin --output .\rvmdk\automation_master.bin .\rvmdk\automation_master.axf
".\rvmdk\automation_master.axf" - 0 Errors, 0 Warning(s).
Build target 'automation_master'
compiling automation_master.c...
automation_master.c(66): error:  #20: identifier "g_ui8AckData" is undefined
automation_master.c(69): error:  #20: identifier "g_ui8AckData" is undefined
After Build - User command #1: fromelf --bin --output .\rvmdk\automation_master.bin .\rvmdk\automation_master.axf
".\rvmdk\automation_master.axf" - 2 Errors, 0 Warning(s).
Target not created
Build target 'automation_master'
compiling automation_master.c...
automation_master.c(66): warning:  #223-D: function "ustrtoul" declared implicitly
automation_master.c(69): error:  #29: expected an expression
automation_master.c(69): error:  #18: expected a ")"
automation_master.c(69): error:  #17: expected a "]"
automation_master.c(72): error:  #20: identifier "g_ui8AckData" is undefined
automation_master.c(62): warning:  #550-D: variable "ui32SlaveIndex" was set but never used
After Build - User command #1: fromelf --bin --output .\rvmdk\automation_master.bin .\rvmdk\automation_master.axf
".\rvmdk\automation_master.axf" - 4 Errors, 2 Warning(s).
Target not created
Build target 'automation_master'
compiling automation_master.c...
automation_master.c(66): warning:  #223-D: function "strtoul" declared implicitly
automation_master.c(69): warning:  #223-D: function "ustrtoul" declared implicitly
automation_master.c(69): error:  #29: expected an expression
automation_master.c(69): error:  #18: expected a ")"
automation_master.c(69): error:  #17: expected a "]"
automation_master.c(72): error:  #20: identifier "g_ui8AckData" is undefined
automation_master.c(62): warning:  #550-D: variable "ui32SlaveIndex" was set but never used
After Build - User command #1: fromelf --bin --output .\rvmdk\automation_master.bin .\rvmdk\automation_master.axf
".\rvmdk\automation_master.axf" - 4 Errors, 3 Warning(s).
Target not created
Build target 'automation_master'
compiling automation_master.c...
automation_master.c(67): warning:  #167-D: argument of type "char **" is incompatible with parameter of type "const char **restrict"
automation_master.c(70): error:  #29: expected an expression
automation_master.c(70): error:  #165: too few arguments in function call
automation_master.c(70): error:  #18: expected a ")"
automation_master.c(70): error:  #17: expected a "]"
automation_master.c(73): error:  #20: identifier "g_ui8AckData" is undefined
automation_master.c(63): warning:  #550-D: variable "ui32SlaveIndex" was set but never used
After Build - User command #1: fromelf --bin --output .\rvmdk\automation_master.bin .\rvmdk\automation_master.axf
".\rvmdk\automation_master.axf" - 5 Errors, 2 Warning(s).
Target not created
Build target 'automation_master'
compiling automation_master.c...
automation_master.c(67): warning:  #167-D: argument of type "char **" is incompatible with parameter of type "const char **restrict"
automation_master.c(70): warning:  #174-D: expression has no effect
automation_master.c(73): error:  #20: identifier "g_ui8AckData" is undefined
After Build - User command #1: fromelf --bin --output .\rvmdk\automation_master.bin .\rvmdk\automation_master.axf
".\rvmdk\automation_master.axf" - 1 Errors, 2 Warning(s).
Target not created
Build target 'automation_master'
compiling automation_master.c...
automation_master.c(67): warning:  #167-D: argument of type "char **" is incompatible with parameter of type "const char **restrict"
linking...
Program Size: Code=8088 RO-data=744 RW-data=104 ZI-data=2344  
After Build - User command #1: fromelf --bin --output .\rvmdk\automation_master.bin .\rvmdk\automation_master.axf
".\rvmdk\automation_master.axf" - 0 Errors, 1 Warning(s).
Build target 'automation_master'
linking...
Program Size: Code=8088 RO-data=744 RW-data=104 ZI-data=2344  
After Build - User command #1: fromelf --bin --output .\rvmdk\automation_master.bin .\rvmdk\automation_master.axf
".\rvmdk\automation_master.axf" - 0 Errors, 0 Warning(s).
Load "C:\\Users\\Sam\\Dropbox\\Documents\\workspace\\Automation Master\\rvmdk\\automation_master.axf" 
Connecting: Mode=JTAG, Speed=1000000Hz
Connection failed!, error code=&d
Load "C:\\Users\\Sam\\Dropbox\\Documents\\workspace\\Automation Master\\rvmdk\\automation_master.axf" 
Connecting: Mode=JTAG, Speed=1000000Hz
Erase Done.
Programming Done.
Verify OK.
