<html>
<body>
<pre>
<h1>µVision Build Log</h1>
<h2>Project:</h2>
C:\Users\Sam\Dropbox\Documents\workspace\Node_LED\Node_LED.uvproj
Project File Date:  06/14/2014

<h2>Output:</h2>
Build target 'Node_LED'
compiling Node_LED.c...
compiling nRF24L01.c...
linking...
Program Size: Code=2372 RO-data=32 RW-data=4 ZI-data=260  
After Build - User command #1: fromelf --bin --output .\rvmdk\Node_LED.bin .\rvmdk\Node_LED.axf
".\rvmdk\Node_LED.axf" - 0 Errors, 0 Warning(s).
Load "C:\\Users\\Sam\\Dropbox\\Documents\\workspace\\Node_LED\\rvmdk\\Node_LED.axf" 
Connecting: Mode=JTAG, Speed=1000000Hz
Erase Done.
Programming Done.
Verify OK.
Load "C:\\Users\\Sam\\Dropbox\\Documents\\workspace\\Node_LED\\rvmdk\\Node_LED.axf" 
Connecting: Mode=JTAG, Speed=1000000Hz
Erase Done.
Programming Done.
Verify OK.
